[INFO] Scanning for projects...
[INFO] 
[INFO] ---------------------< com.MyAnimaLog:api-gateway >---------------------
[INFO] Building api-gateway 0.0.1-SNAPSHOT
[INFO]   from pom.xml
[INFO] --------------------------------[ jar ]---------------------------------
[INFO] 
[INFO] >>> spring-boot:3.5.14:run (default-cli) > test-compile @ api-gateway >>>
[INFO] 
[INFO] --- resources:3.3.1:resources (default-resources) @ api-gateway ---
[INFO] Copying 1 resource from src\main\resources to target\classes
[INFO] Copying 0 resource from src\main\resources to target\classes
[INFO] 
[INFO] --- compiler:3.14.1:compile (default-compile) @ api-gateway ---
[INFO] Nothing to compile - all classes are up to date.
[INFO] 
[INFO] --- resources:3.3.1:testResources (default-testResources) @ api-gateway ---
[INFO] skip non existing resourceDirectory C:\Users\lgsan\OneDrive\Documentos\Proyecto Mascotas Backend\ApiGateway\api-gateway\src\test\resources
[INFO] 
[INFO] --- compiler:3.14.1:testCompile (default-testCompile) @ api-gateway ---
[INFO] Nothing to compile - all classes are up to date.
[INFO] 
[INFO] <<< spring-boot:3.5.14:run (default-cli) < test-compile @ api-gateway <<<
[INFO] 
[INFO] 
[INFO] --- spring-boot:3.5.14:run (default-cli) @ api-gateway ---
[INFO] Attaching agents: []

  .   ____          _            __ _ _
 /\\ / ___'_ __ _ _(_)_ __  __ _ \ \ \ \
( ( )\___ | '_ | '_| | '_ \/ _` | \ \ \ \
 \\/  ___)| |_)| | | | | || (_| |  ) ) ) )
  '  |____| .__|_| |_|_| |_\__, | / / / /
 =========|_|==============|___/=/_/_/_/

 :: Spring Boot ::               (v3.5.14)

2026-10-09T12:34:16.262-05:00  INFO 19936 --- [api-gateway] [           main] c.M.api_gateway.ApiGatewayApplication    : Starting ApiGatewayApplication using Java 17.0.14 with PID 19936 (C:\Users\lgsan\OneDrive\Documentos\Proyecto Mascotas Backend\ApiGateway\api-gateway\target\classes started by lgsan in C:\Users\lgsan\OneDrive\Documentos\Proyecto Mascotas Backend\ApiGateway\api-gateway)
2026-10-09T12:34:16.267-05:00  INFO 19936 --- [api-gateway] [           main] c.M.api_gateway.ApiGatewayApplication    : No active profile set, falling back to 1 default profile: "default"
2026-10-09T12:34:19.349-05:00  INFO 19936 --- [api-gateway] [           main] .s.d.r.c.RepositoryConfigurationDelegate : Multiple Spring Data modules found, entering strict repository configuration mode
2026-10-09T12:34:19.355-05:00  INFO 19936 --- [api-gateway] [           main] .s.d.r.c.RepositoryConfigurationDelegate : Bootstrapping Spring Data Redis repositories in DEFAULT mode.
2026-10-09T12:34:19.416-05:00  INFO 19936 --- [api-gateway] [           main] .s.d.r.c.RepositoryConfigurationDelegate : Finished Spring Data repository scanning in 30 ms. Found 0 Redis repository interfaces.
2026-10-09T12:34:19.921-05:00  INFO 19936 --- [api-gateway] [           main] o.s.cloud.context.scope.GenericScope     : BeanFactory id=5ce30422-4e8d-315a-a5f7-76eb54fb0366
2026-10-09T12:34:21.008-05:00  INFO 19936 --- [api-gateway] [           main] c.MyAnimaLog.api_gateway.util.JwtUtil    : JWT validation configured: jwksUri=https://user-microservice-pets-20369076707.us-central1.run.app/.well-known/jwks.json, issuer=myanimalog-user-service, audience=myanimalog-api, acceptLegacy=true
2026-10-09T12:34:22.545-05:00  INFO 19936 --- [api-gateway] [           main] o.s.c.g.r.RouteDefinitionRouteLocator    : Loaded RoutePredicateFactory [After]
2026-10-09T12:34:22.545-05:00  INFO 19936 --- [api-gateway] [           main] o.s.c.g.r.RouteDefinitionRouteLocator    : Loaded RoutePredicateFactory [Before]
2026-10-09T12:34:22.545-05:00  INFO 19936 --- [api-gateway] [           main] o.s.c.g.r.RouteDefinitionRouteLocator    : Loaded RoutePredicateFactory [Between]
2026-10-09T12:34:22.545-05:00  INFO 19936 --- [api-gateway] [           main] o.s.c.g.r.RouteDefinitionRouteLocator    : Loaded RoutePredicateFactory [Cookie]
2026-10-09T12:34:22.545-05:00  INFO 19936 --- [api-gateway] [           main] o.s.c.g.r.RouteDefinitionRouteLocator    : Loaded RoutePredicateFactory [Header]
2026-10-09T12:34:22.545-05:00  INFO 19936 --- [api-gateway] [           main] o.s.c.g.r.RouteDefinitionRouteLocator    : Loaded RoutePredicateFactory [Host]
2026-10-09T12:34:22.545-05:00  INFO 19936 --- [api-gateway] [           main] o.s.c.g.r.RouteDefinitionRouteLocator    : Loaded RoutePredicateFactory [Method]
2026-10-09T12:34:22.547-05:00  INFO 19936 --- [api-gateway] [           main] o.s.c.g.r.RouteDefinitionRouteLocator    : Loaded RoutePredicateFactory [Path]
2026-10-09T12:34:22.547-05:00  INFO 19936 --- [api-gateway] [           main] o.s.c.g.r.RouteDefinitionRouteLocator    : Loaded RoutePredicateFactory [Query]
2026-10-09T12:34:22.548-05:00  INFO 19936 --- [api-gateway] [           main] o.s.c.g.r.RouteDefinitionRouteLocator    : Loaded RoutePredicateFactory [ReadBody]
2026-10-09T12:34:22.548-05:00  INFO 19936 --- [api-gateway] [           main] o.s.c.g.r.RouteDefinitionRouteLocator    : Loaded RoutePredicateFactory [RemoteAddr]
2026-10-09T12:34:22.548-05:00  INFO 19936 --- [api-gateway] [           main] o.s.c.g.r.RouteDefinitionRouteLocator    : Loaded RoutePredicateFactory [XForwardedRemoteAddr]
2026-10-09T12:34:22.548-05:00  INFO 19936 --- [api-gateway] [           main] o.s.c.g.r.RouteDefinitionRouteLocator    : Loaded RoutePredicateFactory [Weight]
2026-10-09T12:34:22.548-05:00  INFO 19936 --- [api-gateway] [           main] o.s.c.g.r.RouteDefinitionRouteLocator    : Loaded RoutePredicateFactory [CloudFoundryRouteService]
2026-10-09T12:34:23.041-05:00  INFO 19936 --- [api-gateway] [           main] o.s.b.a.e.web.EndpointLinksResolver      : Exposing 2 endpoints beneath base path '/actuator'
2026-10-09T12:34:23.353-05:00  INFO 19936 --- [api-gateway] [           main] ctiveUserDetailsServiceAutoConfiguration : 

Using generated security password: b69a16db-277a-4210-a099-c409168a9f0c

2026-10-09T12:34:23.564-05:00  INFO 19936 --- [api-gateway] [           main] o.s.b.web.embedded.netty.NettyWebServer  : Netty started on port 8090 (http)
2026-10-09T12:34:24.097-05:00  INFO 19936 --- [api-gateway] [           main] c.M.api_gateway.ApiGatewayApplication    : Started ApiGatewayApplication in 9.837 seconds (process running for 10.846)
